[boa-forma.store/diabetes/indexe8be.html]
[backblue.gif]
[fade.gif]
[index.html]
[media.atomicatpages.com/Images/ogimage.png]
[media.atomicatpages.com/u/eKPq6MudkvYtszhR6uZmBOZHcpv2/Pictures/jEuMwh3068477.png]
[images.converteai.net/6b7e9d53-aa0b-41d2-be15-b74506e77d64/players/666c6082cc20f1000ac0177e/thumbnail.jpg]
[scripts.converteai.net/6b7e9d53-aa0b-41d2-be15-b74506e77d64/players/666c6082cc20f1000ac0177e/player.js]
[connect.facebook.net/en_US/fbevents.js]
[trackings.nemu.com.br/trackings/Au8tJvOF-V/script.js]
[boa-forma.store/diabetes/termos.6.delayed]
[boa-forma.store/diabetes/privacidade.7.delayed]
[boa-forma.store/diabetes/indexe8be.html]
[boa-forma.store/diabetes/js/GrfJGq4647531.js]
[boa-forma.store/diabetes/a]
[boa-forma.store/diabetes/POST]
[boa-forma.store/diabetes/b.resolvedLink]
[boa-forma.store/signals/iwl.js]
[connect.facebook.net/en_US/fbevents.js]
[boa-forma.store/diabetes/termos.html]
[boa-forma.store/diabetes/privacidade.html]
[boa-forma.store/diabetes/a.html]
[boa-forma.store/diabetes/POST.html]
[boa-forma.store/diabetes/schema.org/index.html]
[boa-forma.store/diabetes/schema.org/index.html]
[boa-forma.store/diabetes/b.html]
[boa-forma.store/signals/iwl.html]
